ARM Linker, 4.1 [Build 894] [Standard]

==============================================================================

Section Cross References

    main.o(.text) refers to stm32f10x_usart.o(.text) for USART_SendData
    main.o(.text) refers to misc.o(.text) for NVIC_Init
    main.o(.text) refers to stm32f10x_gpio.o(.text) for GPIO_EXTILineConfig
    main.o(.text) refers to stm32f10x_exti.o(.text) for EXTI_ClearITPendingBit
    main.o(.text) refers to stm32f10x_tim.o(.text) for TIM_TimeBaseInit
    main.o(.text) refers to stm32f10x_rcc.o(.text) for RCC_APB2PeriphClockCmd
    main.o(.text) refers to t1robot_lib.o(.text) for System_Init
    main.o(.text) refers to main.o(.bss) for T1Robot
    main.o(.text) refers to main.o(.data) for lazer_dir
    stm32f10x_it.o(.text) refers to stm32f10x_exti.o(.text) for EXTI_GetITStatus
    stm32f10x_it.o(.text) refers to stm32f10x_gpio.o(.text) for GPIO_ReadOutputDataBit
    stm32f10x_it.o(.text) refers to stm32f10x_tim.o(.text) for TIM_GetITStatus
    stm32f10x_it.o(.text) refers to main.o(.data) for input_changed
    stm32f10x_it.o(.text) refers to main.o(.bss) for T1Robot
    stm32f10x_it.o(.text) refers to stm32f10x_it.o(.data) for a
    stm32f10x_gpio.o(.text) refers to stm32f10x_rcc.o(.text) for RCC_APB2PeriphResetCmd
    stm32f10x_gpio.o(.text) refers to stm32f10x_rcc.o(.text) for RCC_APB2PeriphResetCmd
    stm32f10x_rcc.o(.text) refers to stm32f10x_rcc.o(.text) for RCC_GetFlagStatus
    stm32f10x_rcc.o(.text) refers to stm32f10x_rcc.o(.data) for APBAHBPrescTable
    stm32f10x_tim.o(.text) refers to stm32f10x_rcc.o(.text) for RCC_APB2PeriphResetCmd
    stm32f10x_tim.o(.text) refers to stm32f10x_rcc.o(.text) for RCC_APB1PeriphResetCmd
    stm32f10x_tim.o(.text) refers to stm32f10x_tim.o(.text) for TI1_Config
    stm32f10x_tim.o(.text) refers to stm32f10x_tim.o(.text) for TIM_SelectInputTrigger
    stm32f10x_tim.o(.text) refers to stm32f10x_tim.o(.text) for TI2_Config
    stm32f10x_tim.o(.text) refers to stm32f10x_tim.o(.text) for TIM_SelectInputTrigger
    stm32f10x_tim.o(.text) refers to stm32f10x_tim.o(.text) for TIM_ETRConfig
    stm32f10x_tim.o(.text) refers to stm32f10x_tim.o(.text) for TIM_ETRConfig
    stm32f10x_usart.o(.text) refers to stm32f10x_rcc.o(.text) for RCC_APB2PeriphResetCmd
    stm32f10x_usart.o(.text) refers to stm32f10x_rcc.o(.text) for RCC_APB1PeriphResetCmd
    stm32f10x_usart.o(.text) refers to stm32f10x_rcc.o(.text) for RCC_GetClocksFreq
    system_stm32f10x.o(.text) refers to system_stm32f10x.o(.data) for SystemCoreClock
    startup_stm32f10x_md.o(RESET) refers to startup_stm32f10x_md.o(STACK) for __initial_sp
    startup_stm32f10x_md.o(RESET) refers to startup_stm32f10x_md.o(.text) for Reset_Handler
    startup_stm32f10x_md.o(RESET) refers to stm32f10x_it.o(.text) for NMI_Handler
    startup_stm32f10x_md.o(.text) refers to system_stm32f10x.o(.text) for SystemInit
    startup_stm32f10x_md.o(.text) refers to entry.o(.ARM.Collect$$$$00000000) for __main
    t1robot_lib.o(.text) refers to stm32f10x_tim.o(.text) for TIM_SetCompare3
    t1robot_lib.o(.text) refers to stm32f10x_gpio.o(.text) for GPIO_SetBits
    t1robot_lib.o(.text) refers to main.o(.text) for Lazer_Home
    entry.o(.ARM.Collect$$$$00000000) refers (Special) to entry7b.o(.ARM.Collect$$$$00000008) for _main_clock
    entry.o(.ARM.Collect$$$$00000000) refers (Special) to entry8.o(.ARM.Collect$$$$00000009) for _main_init
    entry.o(.ARM.Collect$$$$00000000) refers (Special) to entry5.o(.ARM.Collect$$$$00000004) for _main_scatterload
    entry.o(.ARM.Collect$$$$00000000) refers (Special) to entry2.o(.ARM.Collect$$$$00000001) for _main_stk
    entry2.o(.ARM.Collect$$$$00000001) refers to entry2.o(.ARM.Collect$$$$00002712) for __lit__00000000
    entry2.o(.ARM.Collect$$$$00002712) refers to startup_stm32f10x_md.o(STACK) for __initial_sp
    entry2.o(__vectab_stack_and_reset_area) refers to startup_stm32f10x_md.o(STACK) for __initial_sp
    entry2.o(__vectab_stack_and_reset_area) refers to entry.o(.ARM.Collect$$$$00000000) for __main
    entry5.o(.ARM.Collect$$$$00000004) refers to init.o(.text) for __scatterload
    entry8.o(.ARM.Collect$$$$00000009) refers to main.o(.text) for main
    init.o(.text) refers to entry5.o(.ARM.Collect$$$$00000004) for __main_after_scatterload


==============================================================================

Removing Unused input sections from the image.

    Removing stm32f10x_it.o(.text), (2 bytes).
    Removing stm32f10x_it.o(.text), (2 bytes).
    Removing stm32f10x_it.o(.text), (2 bytes).
    Removing stm32f10x_it.o(.text), (2 bytes).
    Removing stm32f10x_it.o(.text), (2 bytes).
    Removing stm32f10x_it.o(.text), (2 bytes).
    Removing stm32f10x_it.o(.text), (2 bytes).
    Removing stm32f10x_it.o(.text), (2 bytes).
    Removing stm32f10x_it.o(.text), (2 bytes).
    Removing stm32f10x_it.o(.text), (2 bytes).
    Removing stm32f10x_it.o(.text), (2 bytes).
    Removing stm32f10x_it.o(.text), (2 bytes).
    Removing stm32f10x_it.o(.text), (2 bytes).
    Removing stm32f10x_it.o(.text), (2 bytes).
    Removing stm32f10x_it.o(.text), (2 bytes).
    Removing stm32f10x_it.o(.text), (2 bytes).
    Removing stm32f10x_it.o(.text), (2 bytes).
    Removing stm32f10x_it.o(.text), (2 bytes).
    Removing stm32f10x_it.o(.text), (2 bytes).
    Removing stm32f10x_it.o(.text), (2 bytes).
    Removing stm32f10x_it.o(.text), (2 bytes).
    Removing misc.o(.text), (20 bytes).
    Removing misc.o(.text), (20 bytes).
    Removing misc.o(.text), (32 bytes).
    Removing misc.o(.text), (40 bytes).
    Removing stm32f10x_exti.o(.text), (36 bytes).
    Removing stm32f10x_exti.o(.text), (16 bytes).
    Removing stm32f10x_exti.o(.text), (16 bytes).
    Removing stm32f10x_exti.o(.text), (24 bytes).
    Removing stm32f10x_exti.o(.text), (12 bytes).
    Removing stm32f10x_gpio.o(.text), (200 bytes).
    Removing stm32f10x_gpio.o(.text), (20 bytes).
    Removing stm32f10x_gpio.o(.text), (16 bytes).
    Removing stm32f10x_gpio.o(.text), (8 bytes).
    Removing stm32f10x_gpio.o(.text), (8 bytes).
    Removing stm32f10x_gpio.o(.text), (4 bytes).
    Removing stm32f10x_gpio.o(.text), (18 bytes).
    Removing stm32f10x_gpio.o(.text), (32 bytes).
    Removing stm32f10x_gpio.o(.text), (12 bytes).
    Removing stm32f10x_gpio.o(.text), (144 bytes).
    Removing stm32f10x_gpio.o(.text), (12 bytes).
    Removing stm32f10x_rcc.o(.text), (76 bytes).
    Removing stm32f10x_rcc.o(.text), (76 bytes).
    Removing stm32f10x_rcc.o(.text), (60 bytes).
    Removing stm32f10x_rcc.o(.text), (48 bytes).
    Removing stm32f10x_rcc.o(.text), (24 bytes).
    Removing stm32f10x_rcc.o(.text), (12 bytes).
    Removing stm32f10x_rcc.o(.text), (28 bytes).
    Removing stm32f10x_rcc.o(.text), (12 bytes).
    Removing stm32f10x_rcc.o(.text), (24 bytes).
    Removing stm32f10x_rcc.o(.text), (16 bytes).
    Removing stm32f10x_rcc.o(.text), (24 bytes).
    Removing stm32f10x_rcc.o(.text), (24 bytes).
    Removing stm32f10x_rcc.o(.text), (24 bytes).
    Removing stm32f10x_rcc.o(.text), (36 bytes).
    Removing stm32f10x_rcc.o(.text), (12 bytes).
    Removing stm32f10x_rcc.o(.text), (24 bytes).
    Removing stm32f10x_rcc.o(.text), (52 bytes).
    Removing stm32f10x_rcc.o(.text), (12 bytes).
    Removing stm32f10x_rcc.o(.text), (16 bytes).
    Removing stm32f10x_rcc.o(.text), (12 bytes).
    Removing stm32f10x_rcc.o(.text), (32 bytes).
    Removing stm32f10x_rcc.o(.text), (32 bytes).
    Removing stm32f10x_rcc.o(.text), (32 bytes).
    Removing stm32f10x_rcc.o(.text), (12 bytes).
    Removing stm32f10x_rcc.o(.text), (12 bytes).
    Removing stm32f10x_rcc.o(.text), (12 bytes).
    Removing stm32f10x_rcc.o(.text), (20 bytes).
    Removing stm32f10x_rcc.o(.text), (24 bytes).
    Removing stm32f10x_rcc.o(.text), (12 bytes).
    Removing stm32f10x_tim.o(.text), (488 bytes).
    Removing stm32f10x_tim.o(.text), (124 bytes).
    Removing stm32f10x_tim.o(.text), (18 bytes).
    Removing stm32f10x_tim.o(.text), (20 bytes).
    Removing stm32f10x_tim.o(.text), (18 bytes).
    Removing stm32f10x_tim.o(.text), (18 bytes).
    Removing stm32f10x_tim.o(.text), (4 bytes).
    Removing stm32f10x_tim.o(.text), (10 bytes).
    Removing stm32f10x_tim.o(.text), (24 bytes).
    Removing stm32f10x_tim.o(.text), (12 bytes).
    Removing stm32f10x_tim.o(.text), (18 bytes).
    Removing stm32f10x_tim.o(.text), (24 bytes).
    Removing stm32f10x_tim.o(.text), (62 bytes).
    Removing stm32f10x_tim.o(.text), (24 bytes).
    Removing stm32f10x_tim.o(.text), (54 bytes).
    Removing stm32f10x_tim.o(.text), (32 bytes).
    Removing stm32f10x_tim.o(.text), (6 bytes).
    Removing stm32f10x_tim.o(.text), (18 bytes).
    Removing stm32f10x_tim.o(.text), (18 bytes).
    Removing stm32f10x_tim.o(.text), (22 bytes).
    Removing stm32f10x_tim.o(.text), (18 bytes).
    Removing stm32f10x_tim.o(.text), (22 bytes).
    Removing stm32f10x_tim.o(.text), (24 bytes).
    Removing stm32f10x_tim.o(.text), (24 bytes).
    Removing stm32f10x_tim.o(.text), (24 bytes).
    Removing stm32f10x_tim.o(.text), (18 bytes).
    Removing stm32f10x_tim.o(.text), (22 bytes).
    Removing stm32f10x_tim.o(.text), (18 bytes).
    Removing stm32f10x_tim.o(.text), (22 bytes).
    Removing stm32f10x_tim.o(.text), (18 bytes).
    Removing stm32f10x_tim.o(.text), (20 bytes).
    Removing stm32f10x_tim.o(.text), (18 bytes).
    Removing stm32f10x_tim.o(.text), (20 bytes).
    Removing stm32f10x_tim.o(.text), (18 bytes).
    Removing stm32f10x_tim.o(.text), (18 bytes).
    Removing stm32f10x_tim.o(.text), (22 bytes).
    Removing stm32f10x_tim.o(.text), (22 bytes).
    Removing stm32f10x_tim.o(.text), (22 bytes).
    Removing stm32f10x_tim.o(.text), (22 bytes).
    Removing stm32f10x_tim.o(.text), (22 bytes).
    Removing stm32f10x_tim.o(.text), (34 bytes).
    Removing stm32f10x_tim.o(.text), (34 bytes).
    Removing stm32f10x_tim.o(.text), (82 bytes).
    Removing stm32f10x_tim.o(.text), (24 bytes).
    Removing stm32f10x_tim.o(.text), (24 bytes).
    Removing stm32f10x_tim.o(.text), (24 bytes).
    Removing stm32f10x_tim.o(.text), (18 bytes).
    Removing stm32f10x_tim.o(.text), (18 bytes).
    Removing stm32f10x_tim.o(.text), (18 bytes).
    Removing stm32f10x_tim.o(.text), (18 bytes).
    Removing stm32f10x_tim.o(.text), (4 bytes).
    Removing stm32f10x_tim.o(.text), (18 bytes).
    Removing stm32f10x_tim.o(.text), (6 bytes).
    Removing stm32f10x_tim.o(.text), (6 bytes).
    Removing stm32f10x_tim.o(.text), (8 bytes).
    Removing stm32f10x_tim.o(.text), (6 bytes).
    Removing stm32f10x_tim.o(.text), (18 bytes).
    Removing stm32f10x_tim.o(.text), (6 bytes).
    Removing stm32f10x_usart.o(.text), (156 bytes).
    Removing stm32f10x_usart.o(.text), (24 bytes).
    Removing stm32f10x_usart.o(.text), (34 bytes).
    Removing stm32f10x_usart.o(.text), (12 bytes).
    Removing stm32f10x_usart.o(.text), (74 bytes).
    Removing stm32f10x_usart.o(.text), (24 bytes).
    Removing stm32f10x_usart.o(.text), (18 bytes).
    Removing stm32f10x_usart.o(.text), (18 bytes).
    Removing stm32f10x_usart.o(.text), (24 bytes).
    Removing stm32f10x_usart.o(.text), (18 bytes).
    Removing stm32f10x_usart.o(.text), (24 bytes).
    Removing stm32f10x_usart.o(.text), (10 bytes).
    Removing stm32f10x_usart.o(.text), (10 bytes).
    Removing stm32f10x_usart.o(.text), (16 bytes).
    Removing stm32f10x_usart.o(.text), (16 bytes).
    Removing stm32f10x_usart.o(.text), (24 bytes).
    Removing stm32f10x_usart.o(.text), (24 bytes).
    Removing stm32f10x_usart.o(.text), (24 bytes).
    Removing stm32f10x_usart.o(.text), (22 bytes).
    Removing stm32f10x_usart.o(.text), (24 bytes).
    Removing stm32f10x_usart.o(.text), (18 bytes).
    Removing stm32f10x_usart.o(.text), (24 bytes).
    Removing stm32f10x_usart.o(.text), (18 bytes).
    Removing stm32f10x_usart.o(.text), (84 bytes).
    Removing stm32f10x_usart.o(.text), (30 bytes).
    Removing core_cm3.o(.emb_text), (32 bytes).
    Removing system_stm32f10x.o(.text), (164 bytes).
    Removing system_stm32f10x.o(.data), (20 bytes).
    Removing startup_stm32f10x_md.o(HEAP), (512 bytes).

157 unused section(s) (total 4824 bytes) removed from the image.

==============================================================================

Image Symbol Table

    Local Symbols

    Symbol Name                              Value     Ov Type        Size  Object(Section)

    ../../microlib/init/entry.s              0x00000000   Number         0  entry7b.o ABSOLUTE
    ../../microlib/init/entry.s              0x00000000   Number         0  entry7a.o ABSOLUTE
    ../../microlib/init/entry.s              0x00000000   Number         0  entry5.o ABSOLUTE
    ../../microlib/init/entry.s              0x00000000   Number         0  entry8.o ABSOLUTE
    ../../microlib/init/entry.s              0x00000000   Number         0  entry2.o ABSOLUTE
    ../../microlib/init/entry.s              0x00000000   Number         0  entry.o ABSOLUTE
    ..\..\Libraries\CMSIS\CM3\CoreSupport\core_cm3.c 0x00000000   Number         0  core_cm3.o ABSOLUTE
    ..\..\Libraries\CMSIS\CM3\DeviceSupport\ST\STM32F10x\startup\arm\startup_stm32f10x_md.s 0x00000000   Number         0  startup_stm32f10x_md.o ABSOLUTE
    ..\..\Libraries\CMSIS\CM3\DeviceSupport\ST\STM32F10x\system_stm32f10x.c 0x00000000   Number         0  system_stm32f10x.o ABSOLUTE
    ..\..\Libraries\STM32F10x_StdPeriph_Driver\src\misc.c 0x00000000   Number         0  misc.o ABSOLUTE
    ..\..\Libraries\STM32F10x_StdPeriph_Driver\src\stm32f10x_exti.c 0x00000000   Number         0  stm32f10x_exti.o ABSOLUTE
    ..\..\Libraries\STM32F10x_StdPeriph_Driver\src\stm32f10x_gpio.c 0x00000000   Number         0  stm32f10x_gpio.o ABSOLUTE
    ..\..\Libraries\STM32F10x_StdPeriph_Driver\src\stm32f10x_rcc.c 0x00000000   Number         0  stm32f10x_rcc.o ABSOLUTE
    ..\..\Libraries\STM32F10x_StdPeriph_Driver\src\stm32f10x_tim.c 0x00000000   Number         0  stm32f10x_tim.o ABSOLUTE
    ..\..\Libraries\STM32F10x_StdPeriph_Driver\src\stm32f10x_usart.c 0x00000000   Number         0  stm32f10x_usart.o ABSOLUTE
    ..\..\Libraries\T1Robot_lib\T1Robot_lib.c 0x00000000   Number         0  t1robot_lib.o ABSOLUTE
    ..\\..\\Libraries\\CMSIS\\CM3\\CoreSupport\\core_cm3.c 0x00000000   Number         0  core_cm3.o ABSOLUTE
    ..\main.c                                0x00000000   Number         0  main.o ABSOLUTE
    ..\stm32f10x_it.c                        0x00000000   Number         0  stm32f10x_it.o ABSOLUTE
    dc.s                                     0x00000000   Number         0  dc.o ABSOLUTE
    handlers.s                               0x00000000   Number         0  handlers.o ABSOLUTE
    init.s                                   0x00000000   Number         0  init.o ABSOLUTE
    RESET                                    0x08000000   Section      236  startup_stm32f10x_md.o(RESET)
    .ARM.Collect$$$$00000000                 0x080000ec   Section        0  entry.o(.ARM.Collect$$$$00000000)
    .ARM.Collect$$$$00000001                 0x080000ec   Section        4  entry2.o(.ARM.Collect$$$$00000001)
    .ARM.Collect$$$$00000004                 0x080000f0   Section        4  entry5.o(.ARM.Collect$$$$00000004)
    .ARM.Collect$$$$00000008                 0x080000f4   Section        0  entry7b.o(.ARM.Collect$$$$00000008)
    .ARM.Collect$$$$00000009                 0x080000f4   Section        8  entry8.o(.ARM.Collect$$$$00000009)
    .ARM.Collect$$$$00002712                 0x080000fc   Section        4  entry2.o(.ARM.Collect$$$$00002712)
    __lit__00000000                          0x080000fc   Data           4  entry2.o(.ARM.Collect$$$$00002712)
    .text                                    0x08000100   Section        0  main.o(.text)
    .text                                    0x08000674   Section        0  stm32f10x_it.o(.text)
    .text                                    0x08000878   Section        0  misc.o(.text)
    .text                                    0x080008ec   Section        0  stm32f10x_exti.o(.text)
    .text                                    0x080009a8   Section        0  stm32f10x_gpio.o(.text)
    .text                                    0x08000b30   Section        0  stm32f10x_rcc.o(.text)
    .text                                    0x08000c38   Section        0  stm32f10x_tim.o(.text)
    TI4_Config                               0x08000ed7   Thumb Code   118  stm32f10x_tim.o(.text)
    TI3_Config                               0x08000f5f   Thumb Code   114  stm32f10x_tim.o(.text)
    TI2_Config                               0x08000fe7   Thumb Code   160  stm32f10x_tim.o(.text)
    TI1_Config                               0x08001099   Thumb Code   106  stm32f10x_tim.o(.text)
    .text                                    0x0800130c   Section        0  stm32f10x_usart.o(.text)
    .text                                    0x0800141c   Section        0  system_stm32f10x.o(.text)
    SetSysClockTo72                          0x0800141d   Thumb Code   192  system_stm32f10x.o(.text)
    SetSysClock                              0x080014dd   Thumb Code     8  system_stm32f10x.o(.text)
    .text                                    0x08001548   Section       36  startup_stm32f10x_md.o(.text)
    .text                                    0x0800156c   Section        0  t1robot_lib.o(.text)
    .text                                    0x080016d4   Section       36  init.o(.text)
    i.__scatterload_copy                     0x080016f8   Section       14  handlers.o(i.__scatterload_copy)
    i.__scatterload_null                     0x08001706   Section        2  handlers.o(i.__scatterload_null)
    i.__scatterload_zeroinit                 0x08001708   Section       14  handlers.o(i.__scatterload_zeroinit)
    .data                                    0x20000000   Section       28  main.o(.data)
    index                                    0x20000004   Data           4  main.o(.data)
    TimingDelay                              0x20000018   Data           4  main.o(.data)
    .data                                    0x2000001c   Section        3  stm32f10x_it.o(.data)
    count                                    0x2000001c   Data           1  stm32f10x_it.o(.data)
    a                                        0x2000001d   Data           1  stm32f10x_it.o(.data)
    b                                        0x2000001e   Data           1  stm32f10x_it.o(.data)
    .data                                    0x2000001f   Section       20  stm32f10x_rcc.o(.data)
    APBAHBPrescTable                         0x2000001f   Data          16  stm32f10x_rcc.o(.data)
    ADCPrescTable                            0x2000002f   Data           4  stm32f10x_rcc.o(.data)
    .bss                                     0x20000034   Section       12  main.o(.bss)
    STACK                                    0x20000040   Section     1024  startup_stm32f10x_md.o(STACK)

    Global Symbols

    Symbol Name                              Value     Ov Type        Size  Object(Section)

    BuildAttributes$$THM_ISAv4$P$D$K$B$S$PE$A:L22UL41UL21$X:L11$S22US41US21$IEEE1$IW$USESV6$~STKCKD$USESV7$~SHL$OSPACE$EBA8$MICROLIB$REQ8$PRES8$EABIv2 0x00000000   Number         0  anon$$obj.o ABSOLUTE
    __ARM_use_no_argv                        0x00000000   Number         0  main.o ABSOLUTE
    __decompress                              - Undefined Weak Reference
    _clock_init                               - Undefined Weak Reference
    __Vectors_Size                           0x000000ec   Number         0  startup_stm32f10x_md.o ABSOLUTE
    __Vectors                                0x08000000   Data           4  startup_stm32f10x_md.o(RESET)
    __Vectors_End                            0x080000ec   Data           0  startup_stm32f10x_md.o(RESET)
    __main                                   0x080000ed   Thumb Code     0  entry.o(.ARM.Collect$$$$00000000)
    _main_stk                                0x080000ed   Thumb Code     0  entry2.o(.ARM.Collect$$$$00000001)
    _main_scatterload                        0x080000f1   Thumb Code     0  entry5.o(.ARM.Collect$$$$00000004)
    __main_after_scatterload                 0x080000f5   Thumb Code     0  entry5.o(.ARM.Collect$$$$00000004)
    _main_clock                              0x080000f5   Thumb Code     0  entry7b.o(.ARM.Collect$$$$00000008)
    _main_init                               0x080000f5   Thumb Code     0  entry8.o(.ARM.Collect$$$$00000009)
    fputc                                    0x08000101   Thumb Code    32  main.o(.text)
    NVIC_Configuration                       0x08000121   Thumb Code   184  main.o(.text)
    EXTI_Configuration                       0x080001d9   Thumb Code   102  main.o(.text)
    TIM_Configuration                        0x0800023f   Thumb Code   496  main.o(.text)
    USART_Configuration                      0x0800042f   Thumb Code    50  main.o(.text)
    GPIO_Configuration                       0x08000461   Thumb Code   280  main.o(.text)
    RCC_Configuration                        0x08000579   Thumb Code    22  main.o(.text)
    main                                     0x0800058f   Thumb Code   116  main.o(.text)
    Delay                                    0x08000603   Thumb Code    22  main.o(.text)
    Lazer_Home                               0x08000619   Thumb Code    76  main.o(.text)
    NMI_Handler                              0x08000675   Thumb Code     2  stm32f10x_it.o(.text)
    HardFault_Handler                        0x08000677   Thumb Code     4  stm32f10x_it.o(.text)
    MemManage_Handler                        0x0800067b   Thumb Code     4  stm32f10x_it.o(.text)
    BusFault_Handler                         0x0800067f   Thumb Code     4  stm32f10x_it.o(.text)
    UsageFault_Handler                       0x08000683   Thumb Code     4  stm32f10x_it.o(.text)
    DebugMon_Handler                         0x08000687   Thumb Code     2  stm32f10x_it.o(.text)
    SVC_Handler                              0x08000689   Thumb Code     2  stm32f10x_it.o(.text)
    PendSV_Handler                           0x0800068b   Thumb Code     2  stm32f10x_it.o(.text)
    SysTick_Handler                          0x0800068d   Thumb Code     2  stm32f10x_it.o(.text)
    WWDG_IRQHandler                          0x0800068f   Thumb Code     2  stm32f10x_it.o(.text)
    PVD_IRQHandler                           0x08000691   Thumb Code     2  stm32f10x_it.o(.text)
    TAMPER_IRQHandler                        0x08000693   Thumb Code     2  stm32f10x_it.o(.text)
    RTC_IRQHandler                           0x08000695   Thumb Code     2  stm32f10x_it.o(.text)
    FLASH_IRQHandler                         0x08000697   Thumb Code     2  stm32f10x_it.o(.text)
    RCC_IRQHandler                           0x08000699   Thumb Code     2  stm32f10x_it.o(.text)
    EXTI0_IRQHandler                         0x0800069b   Thumb Code    52  stm32f10x_it.o(.text)
    EXTI1_IRQHandler                         0x080006cf   Thumb Code    56  stm32f10x_it.o(.text)
    EXTI2_IRQHandler                         0x08000707   Thumb Code     2  stm32f10x_it.o(.text)
    EXTI3_IRQHandler                         0x08000709   Thumb Code     2  stm32f10x_it.o(.text)
    EXTI4_IRQHandler                         0x0800070b   Thumb Code     2  stm32f10x_it.o(.text)
    DMA1_Channel1_IRQHandler                 0x0800070d   Thumb Code     2  stm32f10x_it.o(.text)
    DMA1_Channel2_IRQHandler                 0x0800070f   Thumb Code     2  stm32f10x_it.o(.text)
    DMA1_Channel3_IRQHandler                 0x08000711   Thumb Code     2  stm32f10x_it.o(.text)
    DMA1_Channel4_IRQHandler                 0x08000713   Thumb Code     2  stm32f10x_it.o(.text)
    DMA1_Channel5_IRQHandler                 0x08000715   Thumb Code     2  stm32f10x_it.o(.text)
    DMA1_Channel6_IRQHandler                 0x08000717   Thumb Code     2  stm32f10x_it.o(.text)
    DMA1_Channel7_IRQHandler                 0x08000719   Thumb Code     2  stm32f10x_it.o(.text)
    ADC1_2_IRQHandler                        0x0800071b   Thumb Code     2  stm32f10x_it.o(.text)
    EXTI9_5_IRQHandler                       0x0800071d   Thumb Code    56  stm32f10x_it.o(.text)
    TIM1_BRK_IRQHandler                      0x08000755   Thumb Code     2  stm32f10x_it.o(.text)
    TIM1_UP_IRQHandler                       0x08000757   Thumb Code     2  stm32f10x_it.o(.text)
    TIM1_TRG_COM_IRQHandler                  0x08000759   Thumb Code     2  stm32f10x_it.o(.text)
    TIM1_CC_IRQHandler                       0x0800075b   Thumb Code     2  stm32f10x_it.o(.text)
    TIM2_IRQHandler                          0x0800075d   Thumb Code   106  stm32f10x_it.o(.text)
    TIM3_IRQHandler                          0x080007c7   Thumb Code    60  stm32f10x_it.o(.text)
    TIM4_IRQHandler                          0x08000803   Thumb Code     2  stm32f10x_it.o(.text)
    I2C1_EV_IRQHandler                       0x08000805   Thumb Code     2  stm32f10x_it.o(.text)
    I2C1_ER_IRQHandler                       0x08000807   Thumb Code     2  stm32f10x_it.o(.text)
    I2C2_EV_IRQHandler                       0x08000809   Thumb Code     2  stm32f10x_it.o(.text)
    I2C2_ER_IRQHandler                       0x0800080b   Thumb Code     2  stm32f10x_it.o(.text)
    SPI1_IRQHandler                          0x0800080d   Thumb Code     2  stm32f10x_it.o(.text)
    SPI2_IRQHandler                          0x0800080f   Thumb Code     2  stm32f10x_it.o(.text)
    USART1_IRQHandler                        0x08000811   Thumb Code     2  stm32f10x_it.o(.text)
    USART2_IRQHandler                        0x08000813   Thumb Code     2  stm32f10x_it.o(.text)
    USART3_IRQHandler                        0x08000815   Thumb Code     2  stm32f10x_it.o(.text)
    EXTI15_10_IRQHandler                     0x08000817   Thumb Code    56  stm32f10x_it.o(.text)
    RTCAlarm_IRQHandler                      0x0800084f   Thumb Code     2  stm32f10x_it.o(.text)
    USBWakeUp_IRQHandler                     0x08000851   Thumb Code     2  stm32f10x_it.o(.text)
    NVIC_Init                                0x08000879   Thumb Code   102  misc.o(.text)
    EXTI_Init                                0x080008ed   Thumb Code   142  stm32f10x_exti.o(.text)
    EXTI_GetITStatus                         0x0800097b   Thumb Code    34  stm32f10x_exti.o(.text)
    EXTI_ClearITPendingBit                   0x0800099d   Thumb Code     8  stm32f10x_exti.o(.text)
    GPIO_Init                                0x080009a9   Thumb Code   274  stm32f10x_gpio.o(.text)
    GPIO_ReadInputDataBit                    0x08000abb   Thumb Code    18  stm32f10x_gpio.o(.text)
    GPIO_ReadOutputDataBit                   0x08000acd   Thumb Code    18  stm32f10x_gpio.o(.text)
    GPIO_SetBits                             0x08000adf   Thumb Code     4  stm32f10x_gpio.o(.text)
    GPIO_ResetBits                           0x08000ae3   Thumb Code     4  stm32f10x_gpio.o(.text)
    GPIO_WriteBit                            0x08000ae7   Thumb Code    10  stm32f10x_gpio.o(.text)
    GPIO_EXTILineConfig                      0x08000af1   Thumb Code    60  stm32f10x_gpio.o(.text)
    RCC_GetClocksFreq                        0x08000b31   Thumb Code   192  stm32f10x_rcc.o(.text)
    RCC_APB2PeriphClockCmd                   0x08000bf1   Thumb Code    26  stm32f10x_rcc.o(.text)
    RCC_APB1PeriphClockCmd                   0x08000c0b   Thumb Code    26  stm32f10x_rcc.o(.text)
    TIM_TimeBaseInit                         0x08000c39   Thumb Code   122  stm32f10x_tim.o(.text)
    TIM_OC1Init                              0x08000cb3   Thumb Code   132  stm32f10x_tim.o(.text)
    TIM_OC2Init                              0x08000d37   Thumb Code   146  stm32f10x_tim.o(.text)
    TIM_OC3Init                              0x08000dc9   Thumb Code   142  stm32f10x_tim.o(.text)
    TIM_OC4Init                              0x08000e57   Thumb Code   106  stm32f10x_tim.o(.text)
    TIM_SetIC4Prescaler                      0x08000ec1   Thumb Code    22  stm32f10x_tim.o(.text)
    TIM_SetIC3Prescaler                      0x08000f4d   Thumb Code    18  stm32f10x_tim.o(.text)
    TIM_SetIC2Prescaler                      0x08000fd1   Thumb Code    22  stm32f10x_tim.o(.text)
    TIM_SetIC1Prescaler                      0x08001087   Thumb Code    18  stm32f10x_tim.o(.text)
    TIM_ICInit                               0x08001103   Thumb Code   150  stm32f10x_tim.o(.text)
    TIM_BDTRConfig                           0x08001199   Thumb Code    32  stm32f10x_tim.o(.text)
    TIM_Cmd                                  0x080011b9   Thumb Code    24  stm32f10x_tim.o(.text)
    TIM_CtrlPWMOutputs                       0x080011d1   Thumb Code    30  stm32f10x_tim.o(.text)
    TIM_ITConfig                             0x080011ef   Thumb Code    24  stm32f10x_tim.o(.text)
    TIM_EncoderInterfaceConfig               0x08001207   Thumb Code    62  stm32f10x_tim.o(.text)
    TIM_ARRPreloadConfig                     0x08001245   Thumb Code    24  stm32f10x_tim.o(.text)
    TIM_OC1PreloadConfig                     0x0800125d   Thumb Code    18  stm32f10x_tim.o(.text)
    TIM_OC2PreloadConfig                     0x0800126f   Thumb Code    22  stm32f10x_tim.o(.text)
    TIM_OC3PreloadConfig                     0x08001285   Thumb Code    18  stm32f10x_tim.o(.text)
    TIM_OC4PreloadConfig                     0x08001297   Thumb Code    22  stm32f10x_tim.o(.text)
    TIM_SetCounter                           0x080012ad   Thumb Code     4  stm32f10x_tim.o(.text)
    TIM_SetCompare1                          0x080012b1   Thumb Code     4  stm32f10x_tim.o(.text)
    TIM_SetCompare2                          0x080012b5   Thumb Code     4  stm32f10x_tim.o(.text)
    TIM_SetCompare3                          0x080012b9   Thumb Code     4  stm32f10x_tim.o(.text)
    TIM_SetCompare4                          0x080012bd   Thumb Code     6  stm32f10x_tim.o(.text)
    TIM_GetCapture1                          0x080012c3   Thumb Code     6  stm32f10x_tim.o(.text)
    TIM_GetCounter                           0x080012c9   Thumb Code     6  stm32f10x_tim.o(.text)
    TIM_GetITStatus                          0x080012cf   Thumb Code    34  stm32f10x_tim.o(.text)
    TIM_ClearITPendingBit                    0x080012f1   Thumb Code     6  stm32f10x_tim.o(.text)
    USART_Init                               0x0800130d   Thumb Code   210  stm32f10x_usart.o(.text)
    USART_Cmd                                0x080013df   Thumb Code    24  stm32f10x_usart.o(.text)
    USART_SendData                           0x080013f7   Thumb Code     8  stm32f10x_usart.o(.text)
    USART_GetFlagStatus                      0x080013ff   Thumb Code    26  stm32f10x_usart.o(.text)
    SystemInit                               0x080014e5   Thumb Code    78  system_stm32f10x.o(.text)
    Reset_Handler                            0x08001549   Thumb Code     8  startup_stm32f10x_md.o(.text)
    CAN1_RX1_IRQHandler                      0x08001563   Thumb Code     0  startup_stm32f10x_md.o(.text)
    CAN1_SCE_IRQHandler                      0x08001563   Thumb Code     0  startup_stm32f10x_md.o(.text)
    USB_HP_CAN1_TX_IRQHandler                0x08001563   Thumb Code     0  startup_stm32f10x_md.o(.text)
    USB_LP_CAN1_RX0_IRQHandler               0x08001563   Thumb Code     0  startup_stm32f10x_md.o(.text)
    T1_Run                                   0x0800156d   Thumb Code    50  t1robot_lib.o(.text)
    T1_Stop                                  0x0800159f   Thumb Code    20  t1robot_lib.o(.text)
    Lazer_Run                                0x080015b3   Thumb Code    68  t1robot_lib.o(.text)
    Lazer_Stop                               0x080015f7   Thumb Code    44  t1robot_lib.o(.text)
    Rulo_Run                                 0x08001623   Thumb Code    60  t1robot_lib.o(.text)
    Rulo_Stop                                0x0800165f   Thumb Code    20  t1robot_lib.o(.text)
    G1_Release_Cmd                           0x08001673   Thumb Code    18  t1robot_lib.o(.text)
    G1_Detect_Cmd                            0x08001685   Thumb Code    14  t1robot_lib.o(.text)
    System_Init                              0x08001693   Thumb Code    52  t1robot_lib.o(.text)
    __scatterload                            0x080016d5   Thumb Code    28  init.o(.text)
    __scatterload_rt2                        0x080016d5   Thumb Code     0  init.o(.text)
    __scatterload_copy                       0x080016f9   Thumb Code    14  handlers.o(i.__scatterload_copy)
    __scatterload_null                       0x08001707   Thumb Code     2  handlers.o(i.__scatterload_null)
    __scatterload_zeroinit                   0x08001709   Thumb Code    14  handlers.o(i.__scatterload_zeroinit)
    Region$$Table$$Base                      0x08001718   Number         0  anon$$obj.o(Region$$Table)
    Region$$Table$$Limit                     0x08001738   Number         0  anon$$obj.o(Region$$Table)
    lazer_dir                                0x20000000   Data           1  main.o(.data)
    encoder_value                            0x20000008   Data           4  main.o(.data)
    encoder_count                            0x2000000c   Data           2  main.o(.data)
    encodertemp                              0x2000000e   Data           2  main.o(.data)
    lazer_count                              0x20000010   Data           1  main.o(.data)
    icount                                   0x20000012   Data           2  main.o(.data)
    input_changed                            0x20000014   Data           1  main.o(.data)
    T1Robot                                  0x20000034   Data          12  main.o(.bss)
    __initial_sp                             0x20000440   Data           0  startup_stm32f10x_md.o(STACK)



==============================================================================

Memory Map of the image

  Image Entry point : 0x080000ed

  Load Region LR_IROM1 (Base: 0x08000000, Size: 0x0000176c, Max: 0x00010000, ABSOLUTE)

    Execution Region ER_IROM1 (Base: 0x08000000, Size: 0x00001738, Max: 0x00010000, ABSOLUTE)

    Base Addr    Size         Type   Attr      Idx    E Section Name        Object

    0x08000000   0x000000ec   Data   RO         1272    RESET               startup_stm32f10x_md.o
    0x080000ec   0x00000000   Code   RO         1293  * .ARM.Collect$$$$00000000  mc_w.l(entry.o)
    0x080000ec   0x00000004   Code   RO         1296    .ARM.Collect$$$$00000001  mc_w.l(entry2.o)
    0x080000f0   0x00000004   Code   RO         1299    .ARM.Collect$$$$00000004  mc_w.l(entry5.o)
    0x080000f4   0x00000000   Code   RO         1301    .ARM.Collect$$$$00000008  mc_w.l(entry7b.o)
    0x080000f4   0x00000008   Code   RO         1302    .ARM.Collect$$$$00000009  mc_w.l(entry8.o)
    0x080000fc   0x00000004   Code   RO         1297    .ARM.Collect$$$$00002712  mc_w.l(entry2.o)
    0x08000100   0x00000574   Code   RO            1    .text               main.o
    0x08000674   0x00000204   Code   RO          119    .text               stm32f10x_it.o
    0x08000878   0x00000074   Code   RO          264    .text               misc.o
    0x080008ec   0x000000bc   Code   RO          376    .text               stm32f10x_exti.o
    0x080009a8   0x00000188   Code   RO          425    .text               stm32f10x_gpio.o
    0x08000b30   0x00000108   Code   RO          524    .text               stm32f10x_rcc.o
    0x08000c38   0x000006d4   Code   RO          696    .text               stm32f10x_tim.o
    0x0800130c   0x00000110   Code   RO         1059    .text               stm32f10x_usart.o
    0x0800141c   0x0000012c   Code   RO         1234    .text               system_stm32f10x.o
    0x08001548   0x00000024   Code   RO         1273    .text               startup_stm32f10x_md.o
    0x0800156c   0x00000168   Code   RO         1277    .text               t1robot_lib.o
    0x080016d4   0x00000024   Code   RO         1303    .text               mc_w.l(init.o)
    0x080016f8   0x0000000e   Code   RO         1307    i.__scatterload_copy  mc_w.l(handlers.o)
    0x08001706   0x00000002   Code   RO         1308    i.__scatterload_null  mc_w.l(handlers.o)
    0x08001708   0x0000000e   Code   RO         1309    i.__scatterload_zeroinit  mc_w.l(handlers.o)
    0x08001716   0x00000002   PAD
    0x08001718   0x00000020   Data   RO         1305    Region$$Table       anon$$obj.o


    Execution Region RW_IRAM1 (Base: 0x20000000, Size: 0x00000440, Max: 0x00005000, ABSOLUTE)

    Base Addr    Size         Type   Attr      Idx    E Section Name        Object

    0x20000000   0x0000001c   Data   RW            3    .data               main.o
    0x2000001c   0x00000003   Data   RW          141    .data               stm32f10x_it.o
    0x2000001f   0x00000014   Data   RW          534    .data               stm32f10x_rcc.o
    0x20000033   0x00000001   PAD
    0x20000034   0x0000000c   Zero   RW            2    .bss                main.o
    0x20000040   0x00000400   Zero   RW         1270    STACK               startup_stm32f10x_md.o


==============================================================================

Image component sizes


      Code (inc. data)   RO Data    RW Data    ZI Data      Debug   Object Name

         0          0          0          0          0         32   core_cm3.o
      1396         40          0         28         12     250312   main.o
       116         14          0          0          0     213428   misc.o
        36          8        236          0       1024        852   startup_stm32f10x_md.o
       188          4          0          0          0       3736   stm32f10x_exti.o
       392          4          0          0          0      11879   stm32f10x_gpio.o
       516         38          0          3          0       5677   stm32f10x_it.o
       264         20          0         20          0      12554   stm32f10x_rcc.o
      1748         62          0          0          0      30001   stm32f10x_tim.o
       272          4          0          0          0       9142   stm32f10x_usart.o
       300         22          0          0          0       1353   system_stm32f10x.o
       360         14          0          0          0       2942   t1robot_lib.o

    ----------------------------------------------------------------------
      5588        230        268         52       1036     541908   Object Totals
         0          0         32          0          0          0   (incl. Generated)
         0          0          0          1          0          0   (incl. Padding)

    ----------------------------------------------------------------------

      Code (inc. data)   RO Data    RW Data    ZI Data      Debug   Library Member Name

         0          0          0          0          0          0   entry.o
         8          4          0          0          0          0   entry2.o
         4          0          0          0          0          0   entry5.o
         0          0          0          0          0          0   entry7b.o
         8          4          0          0          0          0   entry8.o
        30          0          0          0          0          0   handlers.o
        36          8          0          0          0         68   init.o

    ----------------------------------------------------------------------
        88         16          0          0          0         68   Library Totals
         2          0          0          0          0          0   (incl. Padding)

    ----------------------------------------------------------------------

      Code (inc. data)   RO Data    RW Data    ZI Data      Debug   Library Name

        86         16          0          0          0         68   mc_w.l

    ----------------------------------------------------------------------
        88         16          0          0          0         68   Library Totals

    ----------------------------------------------------------------------

==============================================================================


      Code (inc. data)   RO Data    RW Data    ZI Data      Debug   

      5676        246        268         52       1036     541196   Grand Totals
      5676        246        268         52       1036     541196   ELF Image Totals
      5676        246        268         52          0          0   ROM Totals

==============================================================================

    Total RO  Size (Code + RO Data)                 5944 (   5.80kB)
    Total RW  Size (RW Data + ZI Data)              1088 (   1.06kB)
    Total ROM Size (Code + RO Data + RW Data)       5996 (   5.86kB)

==============================================================================

