<html>
<body>
<pre>
<h1>µVision Build Log</h1>
<h2>Project:</h2>
E:\CTY GREMSY\GSS-01\T1_Source_Dev\Project\RVMDK\T1_Control.uvproj
Project File Date:  03/04/2013

<h2>Output:</h2>
Build target 'T1_Control'
compiling main.c...
..\main.c(57): warning:  #223-D: function "abs" declared implicitly
..\main.c(193): warning:  #188-D: enumerated type mixed with another type
..\main.c(194): warning:  #188-D: enumerated type mixed with another type
..\main.c(275): warning:  #188-D: enumerated type mixed with another type
..\main.c(309): warning:  #188-D: enumerated type mixed with another type
..\main.c(322): warning:  #188-D: enumerated type mixed with another type
..\main.c(323): warning:  #188-D: enumerated type mixed with another type
..\main.c(340): warning:  #188-D: enumerated type mixed with another type
..\main.c(343): warning:  #188-D: enumerated type mixed with another type
..\main.c(345): warning:  #188-D: enumerated type mixed with another type
..\main.c(356): warning:  #188-D: enumerated type mixed with another type
..\main.c(357): warning:  #188-D: enumerated type mixed with another type
..\main.c(359): warning:  #188-D: enumerated type mixed with another type
..\main.c(383): warning:  #188-D: enumerated type mixed with another type
..\main.c(386): warning:  #188-D: enumerated type mixed with another type
..\main.c(401): warning:  #188-D: enumerated type mixed with another type
..\main.c(407): warning:  #188-D: enumerated type mixed with another type
..\main.c(419): warning:  #188-D: enumerated type mixed with another type
..\main.c(426): warning:  #188-D: enumerated type mixed with another type
..\main.c(433): warning:  #188-D: enumerated type mixed with another type
..\main.c(440): warning:  #188-D: enumerated type mixed with another type
..\main.c(447): warning:  #188-D: enumerated type mixed with another type
..\main.c(454): warning:  #188-D: enumerated type mixed with another type
compiling T1Robot_lib.c...
linking...
Program Size: Code=7048 RO-data=268 RW-data=56 ZI-data=1040  
FromELF: creating hex file...
".\Obj\T1_Control.axf" - 0 Error(s), 23 Warning(s).
Build target 'T1_Control'
compiling main.c...
..\main.c(57): warning:  #223-D: function "abs" declared implicitly
..\main.c(193): warning:  #188-D: enumerated type mixed with another type
..\main.c(194): warning:  #188-D: enumerated type mixed with another type
..\main.c(275): warning:  #188-D: enumerated type mixed with another type
..\main.c(309): warning:  #188-D: enumerated type mixed with another type
..\main.c(322): warning:  #188-D: enumerated type mixed with another type
..\main.c(323): warning:  #188-D: enumerated type mixed with another type
..\main.c(340): warning:  #188-D: enumerated type mixed with another type
..\main.c(343): warning:  #188-D: enumerated type mixed with another type
..\main.c(345): warning:  #188-D: enumerated type mixed with another type
..\main.c(356): warning:  #188-D: enumerated type mixed with another type
..\main.c(357): warning:  #188-D: enumerated type mixed with another type
..\main.c(359): warning:  #188-D: enumerated type mixed with another type
..\main.c(383): warning:  #188-D: enumerated type mixed with another type
..\main.c(386): warning:  #188-D: enumerated type mixed with another type
..\main.c(401): warning:  #188-D: enumerated type mixed with another type
..\main.c(407): warning:  #188-D: enumerated type mixed with another type
..\main.c(419): warning:  #188-D: enumerated type mixed with another type
..\main.c(426): warning:  #188-D: enumerated type mixed with another type
..\main.c(433): warning:  #188-D: enumerated type mixed with another type
..\main.c(440): warning:  #188-D: enumerated type mixed with another type
..\main.c(447): warning:  #188-D: enumerated type mixed with another type
..\main.c(454): warning:  #188-D: enumerated type mixed with another type
linking...
Program Size: Code=7068 RO-data=268 RW-data=56 ZI-data=1040  
FromELF: creating hex file...
".\Obj\T1_Control.axf" - 0 Error(s), 23 Warning(s).
Build target 'T1_Control'
compiling main.c...
..\main.c(57): warning:  #223-D: function "abs" declared implicitly
..\main.c(193): warning:  #188-D: enumerated type mixed with another type
..\main.c(194): warning:  #188-D: enumerated type mixed with another type
..\main.c(275): warning:  #188-D: enumerated type mixed with another type
..\main.c(309): warning:  #188-D: enumerated type mixed with another type
..\main.c(322): warning:  #188-D: enumerated type mixed with another type
..\main.c(323): warning:  #188-D: enumerated type mixed with another type
..\main.c(340): warning:  #188-D: enumerated type mixed with another type
..\main.c(343): warning:  #188-D: enumerated type mixed with another type
..\main.c(345): warning:  #188-D: enumerated type mixed with another type
..\main.c(356): warning:  #188-D: enumerated type mixed with another type
..\main.c(357): warning:  #188-D: enumerated type mixed with another type
..\main.c(359): warning:  #188-D: enumerated type mixed with another type
..\main.c(383): warning:  #188-D: enumerated type mixed with another type
..\main.c(386): warning:  #188-D: enumerated type mixed with another type
..\main.c(401): warning:  #188-D: enumerated type mixed with another type
..\main.c(407): warning:  #188-D: enumerated type mixed with another type
..\main.c(419): warning:  #188-D: enumerated type mixed with another type
..\main.c(426): warning:  #188-D: enumerated type mixed with another type
..\main.c(433): warning:  #188-D: enumerated type mixed with another type
..\main.c(440): warning:  #188-D: enumerated type mixed with another type
..\main.c(447): warning:  #188-D: enumerated type mixed with another type
..\main.c(454): warning:  #188-D: enumerated type mixed with another type
linking...
Program Size: Code=7068 RO-data=268 RW-data=56 ZI-data=1040  
FromELF: creating hex file...
".\Obj\T1_Control.axf" - 0 Error(s), 23 Warning(s).
Build target 'T1_Control'
compiling main.c...
..\main.c(57): warning:  #223-D: function "abs" declared implicitly
..\main.c(193): warning:  #188-D: enumerated type mixed with another type
..\main.c(194): warning:  #188-D: enumerated type mixed with another type
..\main.c(275): warning:  #188-D: enumerated type mixed with another type
..\main.c(309): warning:  #188-D: enumerated type mixed with another type
..\main.c(322): warning:  #188-D: enumerated type mixed with another type
..\main.c(323): warning:  #188-D: enumerated type mixed with another type
..\main.c(340): warning:  #188-D: enumerated type mixed with another type
..\main.c(343): warning:  #188-D: enumerated type mixed with another type
..\main.c(345): warning:  #188-D: enumerated type mixed with another type
..\main.c(356): warning:  #188-D: enumerated type mixed with another type
..\main.c(357): warning:  #188-D: enumerated type mixed with another type
..\main.c(359): warning:  #188-D: enumerated type mixed with another type
..\main.c(383): warning:  #188-D: enumerated type mixed with another type
..\main.c(386): warning:  #188-D: enumerated type mixed with another type
..\main.c(401): warning:  #188-D: enumerated type mixed with another type
..\main.c(407): warning:  #188-D: enumerated type mixed with another type
..\main.c(419): warning:  #188-D: enumerated type mixed with another type
..\main.c(426): warning:  #188-D: enumerated type mixed with another type
..\main.c(433): warning:  #188-D: enumerated type mixed with another type
..\main.c(440): warning:  #188-D: enumerated type mixed with another type
..\main.c(447): warning:  #188-D: enumerated type mixed with another type
..\main.c(454): warning:  #188-D: enumerated type mixed with another type
linking...
Program Size: Code=7072 RO-data=268 RW-data=56 ZI-data=1040  
FromELF: creating hex file...
".\Obj\T1_Control.axf" - 0 Error(s), 23 Warning(s).
Build target 'T1_Control'
compiling main.c...
..\main.c(57): warning:  #223-D: function "abs" declared implicitly
..\main.c(193): warning:  #188-D: enumerated type mixed with another type
..\main.c(194): warning:  #188-D: enumerated type mixed with another type
..\main.c(275): warning:  #188-D: enumerated type mixed with another type
..\main.c(309): warning:  #188-D: enumerated type mixed with another type
..\main.c(322): warning:  #188-D: enumerated type mixed with another type
..\main.c(323): warning:  #188-D: enumerated type mixed with another type
..\main.c(340): warning:  #188-D: enumerated type mixed with another type
..\main.c(343): warning:  #188-D: enumerated type mixed with another type
..\main.c(345): warning:  #188-D: enumerated type mixed with another type
..\main.c(356): warning:  #188-D: enumerated type mixed with another type
..\main.c(357): warning:  #188-D: enumerated type mixed with another type
..\main.c(359): warning:  #188-D: enumerated type mixed with another type
..\main.c(383): warning:  #188-D: enumerated type mixed with another type
..\main.c(386): warning:  #188-D: enumerated type mixed with another type
..\main.c(401): warning:  #188-D: enumerated type mixed with another type
..\main.c(407): warning:  #188-D: enumerated type mixed with another type
..\main.c(419): warning:  #188-D: enumerated type mixed with another type
..\main.c(426): warning:  #188-D: enumerated type mixed with another type
..\main.c(433): warning:  #188-D: enumerated type mixed with another type
..\main.c(440): warning:  #188-D: enumerated type mixed with another type
..\main.c(447): warning:  #188-D: enumerated type mixed with another type
..\main.c(454): warning:  #188-D: enumerated type mixed with another type
linking...
Program Size: Code=7096 RO-data=268 RW-data=56 ZI-data=1040  
FromELF: creating hex file...
".\Obj\T1_Control.axf" - 0 Error(s), 23 Warning(s).
Build target 'T1_Control'
compiling main.c...
..\main.c(57): warning:  #223-D: function "abs" declared implicitly
..\main.c(193): warning:  #188-D: enumerated type mixed with another type
..\main.c(194): warning:  #188-D: enumerated type mixed with another type
..\main.c(275): warning:  #188-D: enumerated type mixed with another type
..\main.c(309): warning:  #188-D: enumerated type mixed with another type
..\main.c(322): warning:  #188-D: enumerated type mixed with another type
..\main.c(323): warning:  #188-D: enumerated type mixed with another type
..\main.c(340): warning:  #188-D: enumerated type mixed with another type
..\main.c(343): warning:  #188-D: enumerated type mixed with another type
..\main.c(345): warning:  #188-D: enumerated type mixed with another type
..\main.c(356): warning:  #188-D: enumerated type mixed with another type
..\main.c(357): warning:  #188-D: enumerated type mixed with another type
..\main.c(359): warning:  #188-D: enumerated type mixed with another type
..\main.c(383): warning:  #188-D: enumerated type mixed with another type
..\main.c(386): warning:  #188-D: enumerated type mixed with another type
..\main.c(401): warning:  #188-D: enumerated type mixed with another type
..\main.c(407): warning:  #188-D: enumerated type mixed with another type
..\main.c(419): warning:  #188-D: enumerated type mixed with another type
..\main.c(426): warning:  #188-D: enumerated type mixed with another type
..\main.c(433): warning:  #188-D: enumerated type mixed with another type
..\main.c(440): warning:  #188-D: enumerated type mixed with another type
..\main.c(447): warning:  #188-D: enumerated type mixed with another type
..\main.c(454): warning:  #188-D: enumerated type mixed with another type
linking...
Program Size: Code=7096 RO-data=268 RW-data=56 ZI-data=1040  
FromELF: creating hex file...
".\Obj\T1_Control.axf" - 0 Error(s), 23 Warning(s).
Build target 'T1_Control'
compiling main.c...
..\main.c(57): warning:  #223-D: function "abs" declared implicitly
..\main.c(193): warning:  #188-D: enumerated type mixed with another type
..\main.c(194): warning:  #188-D: enumerated type mixed with another type
..\main.c(275): warning:  #188-D: enumerated type mixed with another type
..\main.c(309): warning:  #188-D: enumerated type mixed with another type
..\main.c(322): warning:  #188-D: enumerated type mixed with another type
..\main.c(323): warning:  #188-D: enumerated type mixed with another type
..\main.c(340): warning:  #188-D: enumerated type mixed with another type
..\main.c(343): warning:  #188-D: enumerated type mixed with another type
..\main.c(345): warning:  #188-D: enumerated type mixed with another type
..\main.c(356): warning:  #188-D: enumerated type mixed with another type
..\main.c(357): warning:  #188-D: enumerated type mixed with another type
..\main.c(359): warning:  #188-D: enumerated type mixed with another type
..\main.c(383): warning:  #188-D: enumerated type mixed with another type
..\main.c(386): warning:  #188-D: enumerated type mixed with another type
..\main.c(401): warning:  #188-D: enumerated type mixed with another type
..\main.c(407): warning:  #188-D: enumerated type mixed with another type
..\main.c(419): warning:  #188-D: enumerated type mixed with another type
..\main.c(426): warning:  #188-D: enumerated type mixed with another type
..\main.c(433): warning:  #188-D: enumerated type mixed with another type
..\main.c(440): warning:  #188-D: enumerated type mixed with another type
..\main.c(447): warning:  #188-D: enumerated type mixed with another type
..\main.c(454): warning:  #188-D: enumerated type mixed with another type
linking...
Program Size: Code=7096 RO-data=268 RW-data=56 ZI-data=1040  
FromELF: creating hex file...
".\Obj\T1_Control.axf" - 0 Error(s), 23 Warning(s).
Build target 'T1_Control'
compiling main.c...
..\main.c(204): warning:  #188-D: enumerated type mixed with another type
..\main.c(205): warning:  #188-D: enumerated type mixed with another type
..\main.c(286): warning:  #188-D: enumerated type mixed with another type
..\main.c(320): warning:  #188-D: enumerated type mixed with another type
..\main.c(333): warning:  #188-D: enumerated type mixed with another type
..\main.c(334): warning:  #188-D: enumerated type mixed with another type
..\main.c(351): warning:  #188-D: enumerated type mixed with another type
..\main.c(354): warning:  #188-D: enumerated type mixed with another type
..\main.c(356): warning:  #188-D: enumerated type mixed with another type
..\main.c(367): warning:  #188-D: enumerated type mixed with another type
..\main.c(368): warning:  #188-D: enumerated type mixed with another type
..\main.c(370): warning:  #188-D: enumerated type mixed with another type
..\main.c(394): warning:  #188-D: enumerated type mixed with another type
..\main.c(397): warning:  #188-D: enumerated type mixed with another type
..\main.c(412): warning:  #188-D: enumerated type mixed with another type
..\main.c(418): warning:  #188-D: enumerated type mixed with another type
..\main.c(430): warning:  #188-D: enumerated type mixed with another type
..\main.c(437): warning:  #188-D: enumerated type mixed with another type
..\main.c(444): warning:  #188-D: enumerated type mixed with another type
..\main.c(451): warning:  #188-D: enumerated type mixed with another type
..\main.c(458): warning:  #188-D: enumerated type mixed with another type
..\main.c(465): warning:  #188-D: enumerated type mixed with another type
linking...
Program Size: Code=5676 RO-data=268 RW-data=52 ZI-data=1036  
FromELF: creating hex file...
".\Obj\T1_Control.axf" - 0 Error(s), 22 Warning(s).
